// leaks


// EXPAND/QUOTES
$ echo $"SHELL"
/bin/zsh
echo $SHELL$PATH
echo "||"


//EXECUTION
bash-3.2$ cat < file
bash: file: Permission denied
bash-3.2$ $?
bash: 1: command not found
bash-3.2$ $?
bash: 126: command not found
bash-3.2$ ./ewwefwefwefwefwef
bash: ./ewwefwefwefwefwef: No such file or directory
bash-3.2$ $?
bash: 127: command not found
bash-3.2$ ewwefweefw
bash: ewwefweefw: command not found
bash-3.2$ ./ls
bash: ./ls: Permission denied
bash-3.2$ $?
bash: 126: command not found
bash-3.2$ 
unset PATH && execut command in current directory 

((///Users/hkhalil/Desktop/Minishell:hkhalil$0:hkhalil
$ echo $8888

$ echo $8970

$ echo $8970//ih))

//fix exit 

//watch for seg fault (unset.....)

//norm

//*• Your shell must implement the following builtins:
◦ echo with option -n
◦ cd with only a relative or absolute path>>
◦ pwd with no options
◦ export with no options
◦ unset with no options
◦ env with no options or arguments
◦ exit with no options*/+



//another cases to handle
    bash-3.2$ var="2                  3"
    bash-3.2$ echo $var
    2 3
    bash-3.2$ echo "hello "$var"world"
    hello 2 3world
    bash-3.2$ ls > $var
    bash: $var: ambiguous redirect
    bash-3.2$ ls > "$var"
    bash-3.2$ ls
    2                  3	Documents		goinfre
    Applications		Downloads
    Desktop			Library
    bash-3.2$ 

//CASES to test

bash-3.2$ << stop
> bash-3.2$ echo $?
0
bash-3.2$ << stop
> 
bash-3.2$ echo $?
1
bash-3.2$ << stop
> bash-3.2$ cat
^\Quit: 3
bash-3.2$ echo $?
131
bash-3.2$ cat
^C
bash-3.2$ echo $?
130
bash-3.2$ ls 
Makefile                builtins.c              executor.c              lexer.c                 libft                   main.c                  minishell.h             notes                   parser.c                parsing_tester.c        path.c                  utils.c
bash-3.2$ echo $?
0
bash-3.2$ ls | eqweqe
bash: eqweqe: command not found
bash-3.2$ echo $?
127
bash-3.2$ eqweqw | ls
bash: eqweqw: command not found
Makefile                builtins.c              executor.c              lexer.c                 libft                   main.c                  minishell.h             notes                   parser.c                parsing_tester.c        path.c                  utils.c
bash-3.2$ echo $?
0
