// leaks


//cat ||||| --->error

//watch for seg fault (unset.....)

//another cases to handle
    bash-3.2$ var="2                  3"
    bash-3.2$ echo $var
    2 3
    bash-3.2$ echo "hello "$var"world"
    hello 2 3world
    bash-3.2$ ls > $var
    bash: $var: ambiguous redirect
    bash-3.2$ ls > "$var"
    bash-3.2$ ls
    2                  3	Documents		goinfre
    Applications		Downloads
    Desktop			Library
    bash-3.2$ 

//another cases to handle
    $ which ls


//absolute path

//norm

//finish signals

// handle (single quote) / " (double quote)


//*• Your shell must implement the following builtins:
◦ echo with option -n
◦ cd with only a relative or absolute path>>
◦ pwd with no options
◦ export with no options
◦ unset with no options
◦ env with no options or arguments
◦ exit with no options*/+
//CASES to test

bash-3.2$ << stop
> bash-3.2$ echo $?
0
bash-3.2$ << stop
> 
bash-3.2$ echo $?
1
bash-3.2$ << stop
> bash-3.2$ cat
^\Quit: 3
bash-3.2$ echo $?
131
bash-3.2$ cat
^C
bash-3.2$ echo $?
130
bash-3.2$ ls 
Makefile                builtins.c              executor.c              lexer.c                 libft                   main.c                  minishell.h             notes                   parser.c                parsing_tester.c        path.c                  utils.c
bash-3.2$ echo $?
0
bash-3.2$ ls | eqweqe
bash: eqweqe: command not found
bash-3.2$ echo $?
127
bash-3.2$ eqweqw | ls
bash: eqweqw: command not found
Makefile                builtins.c              executor.c              lexer.c                 libft                   main.c                  minishell.h             notes                   parser.c                parsing_tester.c        path.c                  utils.c
bash-3.2$ echo $?
0
